ei1,left
t1,1969-07-18
l1,ei1,t1,IS_INCLUDED,AdjacentVerbTimex