ei1,afraid
ei2,attack
t1,PT2H
l1,ei1,t1,SIMULTANEOUS
l2,ei2,t1,BEFORE
l3,ei1,ei2,AFTER
