ei1,taught
t1,PT20M
t2,XXXX-WXX-1
l1,ei1,t1,DURING
l2,ei1,t2,IS_INCLUDED
l3,t1,t2,IS_INCLUDED