ei1,rains
ei2,caused
ei3,flooding
l1,ei3,ei1,BEGUN_BY