ei1,came
ei2,got
t1,P5D
l1,ei1,t1,BEFORE
l2,ei2,t1,AFTER
l3,ei1,ei2,BEFORE