ei1,expect
ei2,sent
t1,PT2H
l1,ei1,ei2,AFTER
l2,ei2,t1,BEFORE
l3,ei1,t1,AFTER