ei1,arrived
ei2,left
t1,1969-07-20
t2,P2D
l1,ei1,t1,IS_INCLUDED
l2,ei2,t1,BEFORE
l3,ei2,t2,BEFORE
l4,t1,t2,AFTER
l5,ei1,ei2,AFTER
l6,ei1,t2,AFTER